[www.davidwalter.cz/index.html]
[backblue.gif]
[fade.gif]
[index.html]
[www.davidwalter.cz/wp-content/plugins/elementor/assets/lib/eicons/fonts/eicons2cbf.eot]
[www.davidwalter.cz/wp-content/cache/min/1/2717cceb008fc375ae615308c058cf33.css]
[www.davidwalter.cz/wp-content/uploads/2022/09/FB-vas-web-je-vizitka-.jpg]
[www.davidwalter.cz/wp-content/plugins/wp-rocket/assets/img/youtube.png]
[www.davidwalter.cz/comments/feed/index.html]
[www.davidwalter.cz/feed/index.html]
[www.davidwalter.cz/wp-json/index.html]
[www.davidwalter.cz/wp-json/wp/v2/pages/2664.json]
[www.davidwalter.cz/xmlrpc0db0.php]
[www.davidwalter.cz/wp-json/oembed/1.0/embed6750.json]
[www.davidwalter.cz/wp-json/oembed/1.0/embed3648]
[www.davidwalter.cz/wp-content/uploads/2021/08/DW-černé.svg]
[www.davidwalter.cz/wp-content/uploads/elementor/thumbs/Logo-David-Walter-tvůrce-webových-stránek-r0hb0uf6fv4vlig12l52kez4pgrvkoigv33pbxhm20.png]
[www.davidwalter.cz/wp-content/uploads/2021/08/usměvavý.png]
[www.davidwalter.cz/kontakt/index.html]
[www.davidwalter.cz/wp-content/uploads/2024/10/David-Walter-Na-volne-noze-BW.png]
[www.davidwalter.cz/wp-content/uploads/2021/07/studio-naomi-reference.jpg]
[www.davidwalter.cz/wp-content/uploads/2023/07/iron-analytics.jpg]
[www.davidwalter.cz/wp-content/uploads/2022/06/pavli-vera-photography.jpg]
[www.davidwalter.cz/wp-content/uploads/2024/08/kominictvi-matousek.jpg]
[www.davidwalter.cz/tvorba-webu-a-dalsi-sluzby/index.html]
[www.davidwalter.cz/wp-content/uploads/2020/04/Zlata-Firma-logo.png]
[www.davidwalter.cz/zasady-cookies-eu/index.html]
[www.davidwalter.cz/wp-content/uploads/2020/04/David-Walter-Top_rated_2025.png]
[www.davidwalter.cz/wp-content/uploads/2020/04/David-Walter-Top_rated_2025-150x150.png]
[www.davidwalter.cz/wp-content/uploads/2020/04/David-Walter-Top_10_2025.png]
[www.davidwalter.cz/wp-content/uploads/2020/04/David-Walter-Top_10_2025-150x150.png]
[www.davidwalter.cz/reference/index.html]
[www.davidwalter.cz/wp-content/uploads/2021/08/DW-bílé.svg]
[www.google.com/recaptcha/api898d.js]
[www.davidwalter.cz/ochrana-osobnich-udaju/index.html]
[www.davidwalter.cz/wp-content/plugins/wp-rocket/assets/js/lazyload/12.0/lazyload.min.js]
[www.davidwalter.cz/index.html]
[www.davidwalter.cz/wp-content/cache/min/1/ad7188f9da13397a1e39d77d66b1cf0b.js]
[www.davidwalter.cz/wp-content/plugins/elementor/assets/lib/eicons/fonts/eicons2cbf.woff2]
[www.davidwalter.cz/wp-content/plugins/elementor/assets/lib/eicons/fonts/eicons2cbf.woff]
[www.davidwalter.cz/wp-content/plugins/elementor/assets/lib/eicons/fonts/eicons2cbf.ttf]
[www.davidwalter.cz/wp-content/plugins/elementor/assets/lib/eicons/fonts/eicons2cbf.svg]
[www.davidwalter.cz/wp-content/plugins/elementor/assets/lib/font-awesome/webfonts/fa-brands-400.eot]
[www.davidwalter.cz/wp-content/plugins/elementor/assets/lib/font-awesome/webfonts/fa-brands-400d41d.eot]
[www.davidwalter.cz/wp-content/plugins/elementor/assets/lib/font-awesome/webfonts/fa-brands-400.woff2]
[www.davidwalter.cz/wp-content/plugins/elementor/assets/lib/font-awesome/webfonts/fa-brands-400.woff]
[www.davidwalter.cz/wp-content/plugins/elementor/assets/lib/font-awesome/webfonts/fa-brands-400.ttf]
[www.davidwalter.cz/wp-content/plugins/elementor/assets/lib/font-awesome/webfonts/fa-brands-400.svg]
[www.davidwalter.cz/wp-content/plugins/elementor/assets/lib/font-awesome/webfonts/fa-regular-400.eot]
[www.davidwalter.cz/wp-content/plugins/elementor/assets/lib/font-awesome/webfonts/fa-regular-400d41d.eot]
[www.davidwalter.cz/wp-content/plugins/elementor/assets/lib/font-awesome/webfonts/fa-regular-400.woff2]
[www.davidwalter.cz/wp-content/plugins/elementor/assets/lib/font-awesome/webfonts/fa-regular-400.woff]
[www.davidwalter.cz/wp-content/plugins/elementor/assets/lib/font-awesome/webfonts/fa-regular-400.ttf]
[www.davidwalter.cz/wp-content/plugins/elementor/assets/lib/font-awesome/webfonts/fa-regular-400.svg]
[www.davidwalter.cz/wp-content/plugins/elementor/assets/lib/font-awesome/webfonts/fa-solid-900.eot]
[www.davidwalter.cz/wp-content/plugins/elementor/assets/lib/font-awesome/webfonts/fa-solid-900d41d.eot]
[www.davidwalter.cz/wp-content/plugins/elementor/assets/lib/font-awesome/webfonts/fa-solid-900.woff2]
[www.davidwalter.cz/wp-content/plugins/elementor/assets/lib/font-awesome/webfonts/fa-solid-900.woff]
[www.davidwalter.cz/wp-content/plugins/elementor/assets/lib/font-awesome/webfonts/fa-solid-900.ttf]
[www.davidwalter.cz/wp-content/cache/min/1/2717cceb008fc375ae615308c058cf33.css]
[www.davidwalter.cz/wp-content/uploads/2021/08/DW-černé.svg]
[www.davidwalter.cz/wp-content/plugins/elementor/assets/lib/font-awesome/webfonts/fa-solid-900.svg]
[www.davidwalter.cz/wp-content/cache/min/1/b43f93f979d3aca967207f0ae1cd516a.css]
[www.davidwalter.cz/wp-json/wp/v2/pages/80.json]
[www.davidwalter.cz/wp-json/oembed/1.0/embedcc6e.json]
[www.davidwalter.cz/wp-json/oembed/1.0/embed56df]
[www.davidwalter.cz/tvorba-webu-a-dalsi-sluzby/index.html]
[www.davidwalter.cz/wp-content/cache/min/1/b9415919aaefd6e6ad9aa75ff18d74e6.css]
[www.davidwalter.cz/wp-json/wp/v2/pages/343.json]
[www.davidwalter.cz/wp-json/oembed/1.0/embed3e2d.json]
[www.davidwalter.cz/wp-json/oembed/1.0/embed5c73]
[www.davidwalter.cz/wp-content/uploads/2025/06/teemko-1.jpg]
[www.davidwalter.cz/wp-content/uploads/2020/04/teniscentrum.jpg]
[www.davidwalter.cz/wp-content/uploads/2025/06/shockey.jpg]
[www.davidwalter.cz/wp-content/uploads/2021/06/messasport.jpg]
[www.davidwalter.cz/wp-content/uploads/2024/08/eva-vachalova.jpg]
[www.davidwalter.cz/wp-content/uploads/2020/09/zs-gorkeho.jpg]
[www.davidwalter.cz/wp-content/uploads/2024/08/roman-nenadl.jpg]
[www.davidwalter.cz/wp-content/uploads/2020/07/strechy-infinity.jpg]
[www.davidwalter.cz/wp-content/uploads/2024/08/permanent-cosmetics.jpg]
[www.davidwalter.cz/wp-content/uploads/2021/03/fajnokna.jpg]
[www.davidwalter.cz/wp-content/uploads/2021/02/megatan.jpg]
[www.davidwalter.cz/wp-content/uploads/2026/02/promoveze.jpg]
[www.davidwalter.cz/wp-content/uploads/2025/06/delfin-praha.jpg]
[www.davidwalter.cz/wp-content/uploads/2025/06/specialista-slaboproudu.jpg]
[www.davidwalter.cz/wp-content/uploads/2022/04/opravna-oděvů-gregorová.jpg]
[www.davidwalter.cz/wp-content/uploads/2020/05/martinzbruz.jpg]
[www.davidwalter.cz/wp-content/uploads/2025/08/renovace-mrazek.jpg]
[www.davidwalter.cz/wp-content/uploads/2025/08/snow-huskies.jpg]
[www.davidwalter.cz/wp-content/uploads/2025/08/MW-stavby.jpg]
[www.davidwalter.cz/wp-content/uploads/2025/08/Apartman-Krystof-Frantiskovy-Lazne.png]
[www.davidwalter.cz/reference/index.html]
[www.davidwalter.cz/wp-content/cache/min/1/909ab7ea6076686427689e2ffcc4ef45.css]
[www.davidwalter.cz/wp-json/wp/v2/pages/82.json]
[www.davidwalter.cz/wp-json/oembed/1.0/embed4cdb.json]
[www.davidwalter.cz/wp-json/oembed/1.0/embed427f]
[www.davidwalter.cz/kontakt/index.html]
[www.davidwalter.cz/wp-content/cache/min/1/e6797dec4b23ca24b5cb611019a969a8.css]
[www.davidwalter.cz/ochrana-osobnich-udaju/feed/index.html]
[www.davidwalter.cz/wp-json/wp/v2/pages/3.json]
[www.davidwalter.cz/wp-json/oembed/1.0/embed4fe1.json]
[www.davidwalter.cz/wp-json/oembed/1.0/embed7f81]
[www.davidwalter.cz/ochrana-osobnich-udaju/index.html]
[www.davidwalter.cz/wp-content/cache/min/1/e96bcef828d1633545c414069189cd76.js]
[www.davidwalter.cz/wp-content/cache/min/1/a68abb42813f5c6886630c370eb7db5d.css]
[www.davidwalter.cz/wp-json/wp/v2/pages/3329.json]
[www.davidwalter.cz/wp-json/oembed/1.0/embed37be.json]
[www.davidwalter.cz/wp-json/oembed/1.0/embedc477]
[www.davidwalter.cz/zasady-cookies-eu/index.html]
[www.davidwalter.cz/wp-content/uploads/2021/08/DW-bílé.svg]
[www.davidwalter.cz/wp-content/plugins/elementor/assets/lib/eicons/fonts/eicons2cbf.svg]
[www.davidwalter.cz/wp-content/plugins/elementor/assets/lib/font-awesome/webfonts/fa-brands-400.svg]
[www.davidwalter.cz/wp-content/plugins/elementor/assets/lib/font-awesome/webfonts/fa-regular-400.svg]
[www.davidwalter.cz/wp-content/plugins/elementor/assets/lib/font-awesome/webfonts/fa-solid-900.svg]
[www.davidwalter.cz/wp-content/cache/min/1/b43f93f979d3aca967207f0ae1cd516a.css]
[www.davidwalter.cz/indexbde5.html]
[www.davidwalter.cz/wp-content/uploads/2020/04/hand2.jpg]
[www.davidwalter.cz/wp-content/cache/min/1/b9415919aaefd6e6ad9aa75ff18d74e6.css]
[www.davidwalter.cz/index3e1b.html]
[www.davidwalter.cz/wp-content/cache/min/1/909ab7ea6076686427689e2ffcc4ef45.css]
[www.davidwalter.cz/index287b.html]
[www.davidwalter.cz/wp-content/cache/min/1/e6797dec4b23ca24b5cb611019a969a8.css]
[www.davidwalter.cz/index2207.html]
[www.davidwalter.cz/wp-content/plugins/complianz-gdpr/assets/images/chevron-down.svg]
[www.davidwalter.cz/wp-content/cache/min/1/a68abb42813f5c6886630c370eb7db5d.css]
[www.davidwalter.cz/index7f87.html]
[www.davidwalter.cz/wp-content/plugins/complianz-gdpr/assets/images/chevron-down.svg]
